[0.107s] DEBUG:colcon:Command line arguments: ['/usr/bin/colcon', 'build', '--packages-select', 'intro_rover_description']
[0.107s] DEBUG:colcon:Parsed command line arguments: Namespace(log_base=None, log_level=None, verb_name='build', build_base='build', install_base='install', merge_install=False, symlink_install=False, test_result_base=None, continue_on_error=False, executor='parallel', parallel_workers=24, event_handlers=None, ignore_user_meta=False, metas=['./colcon.meta'], base_paths=['.'], packages_ignore=None, packages_ignore_regex=None, paths=None, packages_up_to=None, packages_up_to_regex=None, packages_above=None, packages_above_and_dependencies=None, packages_above_depth=None, packages_select_by_dep=None, packages_skip_by_dep=None, packages_skip_up_to=None, packages_select_build_failed=False, packages_skip_build_finished=False, packages_select_test_failures=False, packages_skip_test_passed=False, packages_select=['intro_rover_description'], packages_skip=None, packages_select_regex=None, packages_skip_regex=None, packages_start=None, packages_end=None, allow_overriding=[], cmake_args=None, cmake_target=None, cmake_target_skip_unavailable=False, cmake_clean_cache=False, cmake_clean_first=False, cmake_force_configure=False, ament_cmake_args=None, catkin_cmake_args=None, catkin_skip_building_tests=False, mixin_files=None, mixin=None, verb_parser=<colcon_mixin.mixin.mixin_argument.MixinArgumentDecorator object at 0x7d1fdaeafe30>, verb_extension=<colcon_core.verb.build.BuildVerb object at 0x7d1fdaeafb90>, main=<bound method BuildVerb.main of <colcon_core.verb.build.BuildVerb object at 0x7d1fdaeafb90>>, mixin_verb=('build',))
[0.206s] Level 1:colcon.colcon_core.package_discovery:discover_packages(colcon_meta) check parameters
[0.206s] Level 1:colcon.colcon_core.package_discovery:discover_packages(recursive) check parameters
[0.206s] Level 1:colcon.colcon_core.package_discovery:discover_packages(ignore) check parameters
[0.206s] Level 1:colcon.colcon_core.package_discovery:discover_packages(path) check parameters
[0.206s] Level 1:colcon.colcon_core.package_discovery:discover_packages(colcon_meta) discover
[0.206s] Level 1:colcon.colcon_core.package_discovery:discover_packages(recursive) discover
[0.206s] INFO:colcon.colcon_core.package_discovery:Crawling recursively for packages in '/home/buffshark444/Software_Intro_Task_2026-2027/src/intro_rover_description'
[0.206s] Level 1:colcon.colcon_core.package_identification:_identify(.) by extensions ['ignore', 'ignore_ament_install']
[0.206s] Level 1:colcon.colcon_core.package_identification:_identify(.) by extension 'ignore'
[0.206s] Level 1:colcon.colcon_core.package_identification:_identify(.) by extension 'ignore_ament_install'
[0.206s] Level 1:colcon.colcon_core.package_identification:_identify(.) by extensions ['colcon_pkg']
[0.206s] Level 1:colcon.colcon_core.package_identification:_identify(.) by extension 'colcon_pkg'
[0.206s] Level 1:colcon.colcon_core.package_identification:_identify(.) by extensions ['colcon_meta']
[0.206s] Level 1:colcon.colcon_core.package_identification:_identify(.) by extension 'colcon_meta'
[0.206s] Level 1:colcon.colcon_core.package_identification:_identify(.) by extensions ['ros']
[0.206s] Level 1:colcon.colcon_core.package_identification:_identify(.) by extension 'ros'
[0.223s] DEBUG:colcon.colcon_core.package_identification:Package '.' with type 'ros.ament_cmake' and name 'intro_rover_description'
[0.223s] Level 1:colcon.colcon_core.package_discovery:discover_packages(recursive) using defaults
[0.223s] Level 1:colcon.colcon_core.package_discovery:discover_packages(ignore) discover
[0.223s] Level 1:colcon.colcon_core.package_discovery:discover_packages(ignore) using defaults
[0.223s] Level 1:colcon.colcon_core.package_discovery:discover_packages(path) discover
[0.223s] Level 1:colcon.colcon_core.package_discovery:discover_packages(path) using defaults
[0.234s] Level 1:colcon.colcon_core.package_discovery:discover_packages(prefix_path) check parameters
[0.234s] Level 1:colcon.colcon_core.package_discovery:discover_packages(prefix_path) discover
[0.236s] DEBUG:colcon.colcon_installed_package_information.package_discovery:Found 319 installed packages in /opt/ros/jazzy
[0.236s] Level 1:colcon.colcon_core.package_discovery:discover_packages(prefix_path) using defaults
[0.257s] Level 5:colcon.colcon_core.verb:set package 'intro_rover_description' build argument 'cmake_args' from command line to 'None'
[0.257s] Level 5:colcon.colcon_core.verb:set package 'intro_rover_description' build argument 'cmake_target' from command line to 'None'
[0.257s] Level 5:colcon.colcon_core.verb:set package 'intro_rover_description' build argument 'cmake_target_skip_unavailable' from command line to 'False'
[0.257s] Level 5:colcon.colcon_core.verb:set package 'intro_rover_description' build argument 'cmake_clean_cache' from command line to 'False'
[0.257s] Level 5:colcon.colcon_core.verb:set package 'intro_rover_description' build argument 'cmake_clean_first' from command line to 'False'
[0.257s] Level 5:colcon.colcon_core.verb:set package 'intro_rover_description' build argument 'cmake_force_configure' from command line to 'False'
[0.257s] Level 5:colcon.colcon_core.verb:set package 'intro_rover_description' build argument 'ament_cmake_args' from command line to 'None'
[0.257s] Level 5:colcon.colcon_core.verb:set package 'intro_rover_description' build argument 'catkin_cmake_args' from command line to 'None'
[0.257s] Level 5:colcon.colcon_core.verb:set package 'intro_rover_description' build argument 'catkin_skip_building_tests' from command line to 'False'
[0.257s] DEBUG:colcon.colcon_core.verb:Building package 'intro_rover_description' with the following arguments: {'ament_cmake_args': None, 'build_base': '/home/buffshark444/Software_Intro_Task_2026-2027/src/intro_rover_description/build/intro_rover_description', 'catkin_cmake_args': None, 'catkin_skip_building_tests': False, 'cmake_args': None, 'cmake_clean_cache': False, 'cmake_clean_first': False, 'cmake_force_configure': False, 'cmake_target': None, 'cmake_target_skip_unavailable': False, 'install_base': '/home/buffshark444/Software_Intro_Task_2026-2027/src/intro_rover_description/install/intro_rover_description', 'merge_install': False, 'path': '/home/buffshark444/Software_Intro_Task_2026-2027/src/intro_rover_description', 'symlink_install': False, 'test_result_base': None}
[0.257s] INFO:colcon.colcon_core.executor:Executing jobs using 'parallel' executor
[0.257s] DEBUG:colcon.colcon_parallel_executor.executor.parallel:run_until_complete
[0.257s] INFO:colcon.colcon_ros.task.ament_cmake.build:Building ROS package in '/home/buffshark444/Software_Intro_Task_2026-2027/src/intro_rover_description' with build type 'ament_cmake'
[0.257s] INFO:colcon.colcon_cmake.task.cmake.build:Building CMake package in '/home/buffshark444/Software_Intro_Task_2026-2027/src/intro_rover_description'
[0.259s] INFO:colcon.colcon_core.plugin_system:Skipping extension 'colcon_core.shell.bat': Not used on non-Windows systems
[0.259s] INFO:colcon.colcon_core.shell:Skip shell extension 'powershell' for command environment: Not usable outside of PowerShell
[0.259s] DEBUG:colcon.colcon_core.shell:Skip shell extension 'dsv' for command environment
[0.264s] DEBUG:colcon.colcon_core.event_handler.log_command:Invoking command in '/home/buffshark444/Software_Intro_Task_2026-2027/src/intro_rover_description/build/intro_rover_description': CMAKE_PREFIX_PATH=${CMAKE_PREFIX_PATH}:/opt/ros/jazzy DEBUGINFOD_URLS=https://debuginfod.ubuntu.com /usr/bin/cmake /home/buffshark444/Software_Intro_Task_2026-2027/src/intro_rover_description -DCMAKE_INSTALL_PREFIX=/home/buffshark444/Software_Intro_Task_2026-2027/src/intro_rover_description/install/intro_rover_description
[1.208s] DEBUG:colcon.colcon_core.event_handler.log_command:Invoked command in '/home/buffshark444/Software_Intro_Task_2026-2027/src/intro_rover_description/build/intro_rover_description' returned '0': CMAKE_PREFIX_PATH=${CMAKE_PREFIX_PATH}:/opt/ros/jazzy DEBUGINFOD_URLS=https://debuginfod.ubuntu.com /usr/bin/cmake /home/buffshark444/Software_Intro_Task_2026-2027/src/intro_rover_description -DCMAKE_INSTALL_PREFIX=/home/buffshark444/Software_Intro_Task_2026-2027/src/intro_rover_description/install/intro_rover_description
[1.208s] DEBUG:colcon.colcon_core.event_handler.log_command:Invoking command in '/home/buffshark444/Software_Intro_Task_2026-2027/src/intro_rover_description/build/intro_rover_description': CMAKE_PREFIX_PATH=${CMAKE_PREFIX_PATH}:/opt/ros/jazzy DEBUGINFOD_URLS=https://debuginfod.ubuntu.com /usr/bin/cmake --build /home/buffshark444/Software_Intro_Task_2026-2027/src/intro_rover_description/build/intro_rover_description -- -j24 -l24
[1.247s] DEBUG:colcon.colcon_core.event_handler.log_command:Invoked command in '/home/buffshark444/Software_Intro_Task_2026-2027/src/intro_rover_description/build/intro_rover_description' returned '0': CMAKE_PREFIX_PATH=${CMAKE_PREFIX_PATH}:/opt/ros/jazzy DEBUGINFOD_URLS=https://debuginfod.ubuntu.com /usr/bin/cmake --build /home/buffshark444/Software_Intro_Task_2026-2027/src/intro_rover_description/build/intro_rover_description -- -j24 -l24
[1.264s] DEBUG:colcon.colcon_core.event_handler.log_command:Invoking command in '/home/buffshark444/Software_Intro_Task_2026-2027/src/intro_rover_description/build/intro_rover_description': CMAKE_PREFIX_PATH=${CMAKE_PREFIX_PATH}:/opt/ros/jazzy DEBUGINFOD_URLS=https://debuginfod.ubuntu.com /usr/bin/cmake --install /home/buffshark444/Software_Intro_Task_2026-2027/src/intro_rover_description/build/intro_rover_description
[1.277s] Level 1:colcon.colcon_core.environment:create_environment_scripts_only(intro_rover_description)
[1.278s] DEBUG:colcon.colcon_core.event_handler.log_command:Invoked command in '/home/buffshark444/Software_Intro_Task_2026-2027/src/intro_rover_description/build/intro_rover_description' returned '0': CMAKE_PREFIX_PATH=${CMAKE_PREFIX_PATH}:/opt/ros/jazzy DEBUGINFOD_URLS=https://debuginfod.ubuntu.com /usr/bin/cmake --install /home/buffshark444/Software_Intro_Task_2026-2027/src/intro_rover_description/build/intro_rover_description
[1.286s] Level 1:colcon.colcon_core.environment:checking '/home/buffshark444/Software_Intro_Task_2026-2027/src/intro_rover_description/install/intro_rover_description' for CMake module files
[1.287s] Level 1:colcon.colcon_core.environment:checking '/home/buffshark444/Software_Intro_Task_2026-2027/src/intro_rover_description/install/intro_rover_description' for CMake config files
[1.287s] Level 1:colcon.colcon_core.shell:create_environment_hook('intro_rover_description', 'cmake_prefix_path')
[1.287s] INFO:colcon.colcon_core.shell:Creating environment hook '/home/buffshark444/Software_Intro_Task_2026-2027/src/intro_rover_description/install/intro_rover_description/share/intro_rover_description/hook/cmake_prefix_path.ps1'
[1.289s] INFO:colcon.colcon_core.shell:Creating environment descriptor '/home/buffshark444/Software_Intro_Task_2026-2027/src/intro_rover_description/install/intro_rover_description/share/intro_rover_description/hook/cmake_prefix_path.dsv'
[1.290s] INFO:colcon.colcon_core.shell:Creating environment hook '/home/buffshark444/Software_Intro_Task_2026-2027/src/intro_rover_description/install/intro_rover_description/share/intro_rover_description/hook/cmake_prefix_path.sh'
[1.291s] Level 1:colcon.colcon_core.environment:checking '/home/buffshark444/Software_Intro_Task_2026-2027/src/intro_rover_description/install/intro_rover_description/bin'
[1.292s] Level 1:colcon.colcon_core.environment:checking '/home/buffshark444/Software_Intro_Task_2026-2027/src/intro_rover_description/install/intro_rover_description/lib/pkgconfig/intro_rover_description.pc'
[1.292s] Level 1:colcon.colcon_core.environment:checking '/home/buffshark444/Software_Intro_Task_2026-2027/src/intro_rover_description/install/intro_rover_description/lib/python3.12/site-packages'
[1.293s] Level 1:colcon.colcon_core.environment:checking '/home/buffshark444/Software_Intro_Task_2026-2027/src/intro_rover_description/install/intro_rover_description/bin'
[1.293s] INFO:colcon.colcon_core.shell:Creating package script '/home/buffshark444/Software_Intro_Task_2026-2027/src/intro_rover_description/install/intro_rover_description/share/intro_rover_description/package.ps1'
[1.295s] INFO:colcon.colcon_core.shell:Creating package descriptor '/home/buffshark444/Software_Intro_Task_2026-2027/src/intro_rover_description/install/intro_rover_description/share/intro_rover_description/package.dsv'
[1.296s] INFO:colcon.colcon_core.shell:Creating package script '/home/buffshark444/Software_Intro_Task_2026-2027/src/intro_rover_description/install/intro_rover_description/share/intro_rover_description/package.sh'
[1.297s] INFO:colcon.colcon_core.shell:Creating package script '/home/buffshark444/Software_Intro_Task_2026-2027/src/intro_rover_description/install/intro_rover_description/share/intro_rover_description/package.bash'
[1.297s] INFO:colcon.colcon_core.shell:Creating package script '/home/buffshark444/Software_Intro_Task_2026-2027/src/intro_rover_description/install/intro_rover_description/share/intro_rover_description/package.zsh'
[1.298s] Level 1:colcon.colcon_core.environment:create_file_with_runtime_dependencies(/home/buffshark444/Software_Intro_Task_2026-2027/src/intro_rover_description/install/intro_rover_description/share/colcon-core/packages/intro_rover_description)
[1.299s] Level 1:colcon.colcon_core.environment:create_environment_scripts_only(intro_rover_description)
[1.299s] Level 1:colcon.colcon_core.environment:checking '/home/buffshark444/Software_Intro_Task_2026-2027/src/intro_rover_description/install/intro_rover_description' for CMake module files
[1.299s] Level 1:colcon.colcon_core.environment:checking '/home/buffshark444/Software_Intro_Task_2026-2027/src/intro_rover_description/install/intro_rover_description' for CMake config files
[1.300s] Level 1:colcon.colcon_core.shell:create_environment_hook('intro_rover_description', 'cmake_prefix_path')
[1.300s] INFO:colcon.colcon_core.shell:Creating environment hook '/home/buffshark444/Software_Intro_Task_2026-2027/src/intro_rover_description/install/intro_rover_description/share/intro_rover_description/hook/cmake_prefix_path.ps1'
[1.300s] INFO:colcon.colcon_core.shell:Creating environment descriptor '/home/buffshark444/Software_Intro_Task_2026-2027/src/intro_rover_description/install/intro_rover_description/share/intro_rover_description/hook/cmake_prefix_path.dsv'
[1.300s] INFO:colcon.colcon_core.shell:Creating environment hook '/home/buffshark444/Software_Intro_Task_2026-2027/src/intro_rover_description/install/intro_rover_description/share/intro_rover_description/hook/cmake_prefix_path.sh'
[1.301s] Level 1:colcon.colcon_core.environment:checking '/home/buffshark444/Software_Intro_Task_2026-2027/src/intro_rover_description/install/intro_rover_description/bin'
[1.301s] Level 1:colcon.colcon_core.environment:checking '/home/buffshark444/Software_Intro_Task_2026-2027/src/intro_rover_description/install/intro_rover_description/lib/pkgconfig/intro_rover_description.pc'
[1.301s] Level 1:colcon.colcon_core.environment:checking '/home/buffshark444/Software_Intro_Task_2026-2027/src/intro_rover_description/install/intro_rover_description/lib/python3.12/site-packages'
[1.301s] Level 1:colcon.colcon_core.environment:checking '/home/buffshark444/Software_Intro_Task_2026-2027/src/intro_rover_description/install/intro_rover_description/bin'
[1.302s] INFO:colcon.colcon_core.shell:Creating package script '/home/buffshark444/Software_Intro_Task_2026-2027/src/intro_rover_description/install/intro_rover_description/share/intro_rover_description/package.ps1'
[1.302s] INFO:colcon.colcon_core.shell:Creating package descriptor '/home/buffshark444/Software_Intro_Task_2026-2027/src/intro_rover_description/install/intro_rover_description/share/intro_rover_description/package.dsv'
[1.302s] INFO:colcon.colcon_core.shell:Creating package script '/home/buffshark444/Software_Intro_Task_2026-2027/src/intro_rover_description/install/intro_rover_description/share/intro_rover_description/package.sh'
[1.302s] INFO:colcon.colcon_core.shell:Creating package script '/home/buffshark444/Software_Intro_Task_2026-2027/src/intro_rover_description/install/intro_rover_description/share/intro_rover_description/package.bash'
[1.303s] INFO:colcon.colcon_core.shell:Creating package script '/home/buffshark444/Software_Intro_Task_2026-2027/src/intro_rover_description/install/intro_rover_description/share/intro_rover_description/package.zsh'
[1.303s] Level 1:colcon.colcon_core.environment:create_file_with_runtime_dependencies(/home/buffshark444/Software_Intro_Task_2026-2027/src/intro_rover_description/install/intro_rover_description/share/colcon-core/packages/intro_rover_description)
[1.303s] DEBUG:colcon.colcon_parallel_executor.executor.parallel:closing loop
[1.303s] DEBUG:colcon.colcon_parallel_executor.executor.parallel:loop closed
[1.303s] DEBUG:colcon.colcon_parallel_executor.executor.parallel:run_until_complete finished with '0'
[1.303s] DEBUG:colcon.colcon_core.event_reactor:joining thread
[1.307s] INFO:colcon.colcon_core.plugin_system:Skipping extension 'colcon_notification.desktop_notification.terminal_notifier': Not used on non-Darwin systems
[1.307s] INFO:colcon.colcon_core.plugin_system:Skipping extension 'colcon_notification.desktop_notification.win32': Not used on non-Windows systems
[1.307s] INFO:colcon.colcon_notification.desktop_notification:Sending desktop notification using 'notify2'
[1.325s] DEBUG:colcon.colcon_core.event_reactor:joined thread
[1.325s] INFO:colcon.colcon_core.shell:Creating prefix script '/home/buffshark444/Software_Intro_Task_2026-2027/src/intro_rover_description/install/local_setup.ps1'
[1.327s] INFO:colcon.colcon_core.shell:Creating prefix util module '/home/buffshark444/Software_Intro_Task_2026-2027/src/intro_rover_description/install/_local_setup_util_ps1.py'
[1.328s] INFO:colcon.colcon_core.shell:Creating prefix chain script '/home/buffshark444/Software_Intro_Task_2026-2027/src/intro_rover_description/install/setup.ps1'
[1.329s] INFO:colcon.colcon_core.shell:Creating prefix script '/home/buffshark444/Software_Intro_Task_2026-2027/src/intro_rover_description/install/local_setup.sh'
[1.330s] INFO:colcon.colcon_core.shell:Creating prefix util module '/home/buffshark444/Software_Intro_Task_2026-2027/src/intro_rover_description/install/_local_setup_util_sh.py'
[1.330s] INFO:colcon.colcon_core.shell:Creating prefix chain script '/home/buffshark444/Software_Intro_Task_2026-2027/src/intro_rover_description/install/setup.sh'
[1.331s] INFO:colcon.colcon_core.shell:Creating prefix script '/home/buffshark444/Software_Intro_Task_2026-2027/src/intro_rover_description/install/local_setup.bash'
[1.331s] INFO:colcon.colcon_core.shell:Creating prefix chain script '/home/buffshark444/Software_Intro_Task_2026-2027/src/intro_rover_description/install/setup.bash'
[1.332s] INFO:colcon.colcon_core.shell:Creating prefix script '/home/buffshark444/Software_Intro_Task_2026-2027/src/intro_rover_description/install/local_setup.zsh'
[1.332s] INFO:colcon.colcon_core.shell:Creating prefix chain script '/home/buffshark444/Software_Intro_Task_2026-2027/src/intro_rover_description/install/setup.zsh'
