-- The C compiler identification is GNU 13.3.0
-- The CXX compiler identification is GNU 13.3.0
-- Detecting C compiler ABI info
-- Detecting C compiler ABI info - done
-- Check for working C compiler: /usr/bin/cc - skipped
-- Detecting C compile features
-- Detecting C compile features - done
-- Detecting CXX compiler ABI info
-- Detecting CXX compiler ABI info - done
-- Check for working CXX compiler: /usr/bin/c++ - skipped
-- Detecting CXX compile features
-- Detecting CXX compile features - done
-- Found ament_cmake: 2.5.6 (/opt/ros/jazzy/share/ament_cmake/cmake)
-- Found Python3: /usr/bin/python3 (found version "3.12.3") found components: Interpreter 
-- Found ament_lint_auto: 0.17.5 (/opt/ros/jazzy/share/ament_lint_auto/cmake)
-- Added test 'cppcheck' to perform static code analysis on C / C++ code
-- Configured cppcheck include dirs: 
-- Configured cppcheck exclude dirs and/or files: 
-- Added test 'flake8' to check Python code syntax and style conventions
-- Configured 'flake8' exclude dirs and/or files: 
-- Added test 'lint_cmake' to check CMake code style
-- Added test 'pep257' to check Python code against some of the docstring style conventions in PEP 257
-- Added test 'uncrustify' to check C / C++ code style
-- Configured uncrustify additional arguments: 
-- Added test 'xmllint' to check XML markup files
-- Configuring done (0.9s)
-- Generating done (0.0s)
-- Build files have been written to: /home/buffshark444/Software_Intro_Task_2026-2027/src/intro_rover_description/build/intro_rover_description
-- Install configuration: ""
-- Installing: /home/buffshark444/Software_Intro_Task_2026-2027/src/intro_rover_description/install/intro_rover_description/share/ament_index/resource_index/package_run_dependencies/intro_rover_description
-- Installing: /home/buffshark444/Software_Intro_Task_2026-2027/src/intro_rover_description/install/intro_rover_description/share/ament_index/resource_index/parent_prefix_path/intro_rover_description
-- Installing: /home/buffshark444/Software_Intro_Task_2026-2027/src/intro_rover_description/install/intro_rover_description/share/intro_rover_description/environment/ament_prefix_path.sh
-- Installing: /home/buffshark444/Software_Intro_Task_2026-2027/src/intro_rover_description/install/intro_rover_description/share/intro_rover_description/environment/ament_prefix_path.dsv
-- Installing: /home/buffshark444/Software_Intro_Task_2026-2027/src/intro_rover_description/install/intro_rover_description/share/intro_rover_description/environment/path.sh
-- Installing: /home/buffshark444/Software_Intro_Task_2026-2027/src/intro_rover_description/install/intro_rover_description/share/intro_rover_description/environment/path.dsv
-- Installing: /home/buffshark444/Software_Intro_Task_2026-2027/src/intro_rover_description/install/intro_rover_description/share/intro_rover_description/local_setup.bash
-- Installing: /home/buffshark444/Software_Intro_Task_2026-2027/src/intro_rover_description/install/intro_rover_description/share/intro_rover_description/local_setup.sh
-- Installing: /home/buffshark444/Software_Intro_Task_2026-2027/src/intro_rover_description/install/intro_rover_description/share/intro_rover_description/local_setup.zsh
-- Installing: /home/buffshark444/Software_Intro_Task_2026-2027/src/intro_rover_description/install/intro_rover_description/share/intro_rover_description/local_setup.dsv
-- Installing: /home/buffshark444/Software_Intro_Task_2026-2027/src/intro_rover_description/install/intro_rover_description/share/intro_rover_description/package.dsv
-- Installing: /home/buffshark444/Software_Intro_Task_2026-2027/src/intro_rover_description/install/intro_rover_description/share/ament_index/resource_index/packages/intro_rover_description
-- Installing: /home/buffshark444/Software_Intro_Task_2026-2027/src/intro_rover_description/install/intro_rover_description/share/intro_rover_description/cmake/intro_rover_descriptionConfig.cmake
-- Installing: /home/buffshark444/Software_Intro_Task_2026-2027/src/intro_rover_description/install/intro_rover_description/share/intro_rover_description/cmake/intro_rover_descriptionConfig-version.cmake
-- Installing: /home/buffshark444/Software_Intro_Task_2026-2027/src/intro_rover_description/install/intro_rover_description/share/intro_rover_description/package.xml
